[prescricao-cfm-org.vercel.app/index.html]
[backblue.gif]
[fade.gif]
[index.html]
[prescricao-cfm-org.vercel.app/static/faviconcfm.ico]
[prescricao-cfm-org.vercel.app/static/BanerCFM.png]
[prescricao-cfm-org.vercel.app/static/qrcodeCFMAmostra.png]
[prescricao-cfm-org.vercel.app/index.html]
[prescricao-cfm-org.vercel.app/resultado.html]
[prescricao-cfm-org.vercel.app/static/logo-menu.4.delayed]
[prescricao-cfm-org.vercel.app/index-2.html]
[www.gov.br/iti/pt-br/canais_atendimento/imprensa/logo_iti.png]
[sites.ufpe.br/especializacao/wp-content/uploads/sites/11/2019/12/logo-patria-amada-brasil-horizontal.png]
[crmsc.org.br/wp-content/uploads/2023/04/CFM.png]
[i.ibb.co/vx9XSMrW/certificado.png]
[logodownload.org/wp-content/uploads/2023/01/governo-federal-2023-logo-lula.png]
[prescricao-cfm-org.vercel.app/db.b.delayed]
[prescricao-cfm-org.vercel.app/resultado.html]
[prescricao-cfm-org.vercel.app/static/logo-menu.html]
[prescricao-cfm-org.vercel.app/index-2.html]
[prescricao-cfm-org.vercel.app/db.html]
